---
source: src/insta.rs
assertion_line: 28
expression: "String::from_utf8_lossy(&chunk_print)"
---
==== main ====
 offset | line | opcode           | constants
 000000 | 0003 | OP_NIL           |
 000001 | 0005 | OP_CONSTANT      | <function foo>
 000003 | 0005 | OP_CLOSURE       | 1
        |      |                  | 1 (local)
 000007 | 0009 | OP_CONSTANT      | <function bar>
 000009 | 0009 | OP_CLOSURE       | 1
        |      |                  | 1 (local)
 000013 | 0013 | OP_GET_LOCAL     | 1
 000015 | 0013 | OP_PRINT         |
 000016 | 0014 | OP_CONSTANT      | 1
 000018 | 0014 | OP_SET_LOCAL     | 1
 000020 | 0015 | OP_GET_LOCAL     | 2
 000022 | 0015 | OP_CALL          | 0
 000024 | 0015 | OP_POP           |
 000025 | 0016 | OP_GET_LOCAL     | 3
 000027 | 0016 | OP_CALL          | 0
 000029 | 0016 | OP_POP           |
 000030 | 0018 | OP_CONSTANT      | 2
 000032 | 0018 | OP_SET_LOCAL     | 1
 000034 | 0019 | OP_GET_LOCAL     | 2
 000036 | 0019 | OP_CALL          | 0
 000038 | 0019 | OP_POP           |
 000039 | 0020 | OP_GET_LOCAL     | 3
 000041 | 0020 | OP_CALL          | 0
 000043 | 0020 | OP_POP           |
 000044 | 0021 | OP_POP           |
 000045 | 0021 | OP_POP           |
 000046 | 0021 | OP_CLOSE_UPVALUE |
 000047 | 0021 | OP_NIL           |
 000048 | 0021 | OP_RETURN        |

