---
source: src/insta.rs
assertion_line: 60
expression: "String::from_utf8_lossy(&stdout)"
---
42

