---
source: src/insta.rs
assertion_line: 58
expression: "String::from_utf8_lossy(&handler.stdout)"
---
<nil>
1
1
2
2

